// Jest Snapshot v1, https://goo.gl/fbAQLP

exports[`it returns a mission component 1`] = `
<tbody>
  <tr>
    <td>
      name
    </td>
    <td>
      description
    </td>
    <td
      className="reserved"
    >
      <span
        className="badge bg-secondary"
      >
        NOT A MEMBER
      </span>
    </td>
    <td
      className="reserved"
    >
      <button
        className="btn btn btn-secondary"
        disabled={false}
        onClick={[Function]}
        type="button"
      >
        Join Mission
      </button>
    </td>
  </tr>
</tbody>
`;
