// Jest Snapshot v1, https://goo.gl/fbAQLP

exports[`One rocket test Rocket render correctly 1`] = `
<div
  className="container"
/>
`;
